[walletsnear.org/index.html]
[walletsnear.org/viqoqiq/js/jquery/jquery.min.js]
[walletsnear.org/ginuneg/2021/06/favico.ico]
[walletsnear.org/labipin/cache/wph/70d50bec_a380d5e7e2d485d499c65754affd278b.css]
[backblue.gif]
[fade.gif]
[index.html]
[walletsnear.org/ginuneg/2021/06/Nearlogo-1.svg]
[walletsnear.org/labipin/cache/wph/70d50bec_521f38028c10437bb734d895269b5881.js]
[walletsnear.org/ginuneg/2021/06/near.c27c19c0.svg]
[walletsnear.org/index.html]
[walletsnear.org/labipin/cache/wph/70d50bec_dbd0b0751bee5182f9d1b120e483fd13.js]
[walletsnear.org/delugod/assets/lib/eicons/fonts/eiconsa481.eot]
[walletsnear.org/labipin/cache/wph/70d50bec_a380d5e7e2d485d499c65754affd278b.css]
[walletsnear.org/ginuneg/2021/06/Nearlogo-1.svg]
[walletsnear.org/ginuneg/2021/06/near.c27c19c0.svg]
[walletsnear.org/recover-seed-phrase/index.html]
[walletsnear.org/delugod/assets/lib/eicons/fonts/eicons0b93.eot]
[walletsnear.org/labipin/cache/wph/70d50bec_6c14fc0c8d0ae9f9bfa620e3b09fc11e.css]
[walletsnear.org/sign-in-ledger/index.html]
[walletsnear.org/labipin/cache/wph/70d50bec_efcea55e16bdb1ee65a011fdabb00f72.css]
[walletsnear.org/recover-seed-phrase/index.html]
[walletsnear.org/labipin/cache/wph/70d50bec_a2ffef963a526690712ec6426f1be8f3.js]
[walletsnear.org/labipin/cache/wph/70d50bec_869c04be04cccf5a4151c30f0ab54abb.css]
[walletsnear.org/ginuneg/2021/06/device.svg]
[walletsnear.org/labipin/cache/wph/70d50bec_49e6369f5ec967936d08c921d13d1d44.css]
[walletsnear.org/sign-in-ledger/index.html]
[walletsnear.org/index2df4.html]
[walletsnear.org/labipin/cache/wph/70d50bec_6c14fc0c8d0ae9f9bfa620e3b09fc11e.css]
[walletsnear.org/labipin/cache/wph/70d50bec_efcea55e16bdb1ee65a011fdabb00f72.css]
[walletsnear.org/index64b4.html]
[walletsnear.org/labipin/cache/wph/70d50bec_869c04be04cccf5a4151c30f0ab54abb.css]
[walletsnear.org/ginuneg/2021/06/device.svg]
[walletsnear.org/sign-in-ledger/index165e.html]
[walletsnear.org/sign-in-ledger/index165e.html]
[walletsnear.org/labipin/cache/wph/70d50bec_49e6369f5ec967936d08c921d13d1d44.css]
[walletsnear.org/delugod/assets/lib/font-awesome/webfonts/fa-solid-900.eot]
[walletsnear.org/labipin/cache/wph/70d50bec_500f9fa18e188a2f1dbea27362a78c76.js]
